// Jest Snapshot v1, https://goo.gl/fbAQLP

exports[`the timesheet data is correct 1`] = `
Array [
  Object {
    "employee_id": 1,
    "end_time": "Thu, 18 Mar 2022 18:15:00 GMT",
    "start_time": "Thu, 18 Mar 2022 17:30:00 GMT",
    "timesheet_id": 1,
    "work_desc": "Some description",
  },
  Object {
    "employee_id": 2,
    "end_time": "Thu, 18 Mar 2022 12:15:00 GMT",
    "start_time": "Thu, 18 Mar 2022 11:30:00 GMT",
    "timesheet_id": 2,
    "work_desc": "UI/UX research",
  },
  Object {
    "employee_id": 3,
    "end_time": "Thu, 18 Mar 2022 9:15:00 GMT",
    "start_time": "Thu, 18 Mar 2022 8:30:00 GMT",
    "timesheet_id": 3,
    "work_desc": "Security patrol",
  },
  Object {
    "employee_id": 4,
    "end_time": "Thu, 18 Mar 2022 17:15:00 GMT",
    "start_time": "Thu, 18 Mar 2022 18:30:00 GMT",
    "timesheet_id": 4,
    "work_desc": "UI/UX research",
  },
  Object {
    "employee_id": 5,
    "end_time": "Thu, 18 Mar 2022 17:15:00 GMT",
    "start_time": "Thu, 18 Mar 2022 18:30:00 GMT",
    "timesheet_id": 5,
    "work_desc": "SEO research",
  },
]
`;
